// Jest Snapshot v1, https://goo.gl/fbAQLP

exports[`<Navbar /> renders correctly 1`] = `
<header
  class="header"
>
  <icon-stub
    name="Logo"
  />
  <ul
    class="header__routes"
  >
    <li
      class="route__link--selected route__link"
    >
      <a>
        Home
      </a>
    </li>
    <li
      class="route__link"
    >
      <a>
        About
      </a>
    </li>
    <li
      class="route__link"
    >
      <a>
        Features
      </a>
    </li>
  </ul>
  <div
    class="header__actions"
  >
    <button-stub
      class="actions__btn"
      disabled="false"
      height="35"
      type="primary"
      width="100"
    />
    <button-stub
      class="actions__btn"
      disabled="false"
      height="35"
      type="secondary"
      width="140"
    />
  </div>
</header>
`;
